// Jest Snapshot v1, https://goo.gl/fbAQLP

exports[`renders <CategoryItem /> 1`] = `
<Link
  to={
    Object {
      "pathname": "/category/1",
      "state": Object {
        "title": "Midi Dress",
      },
    }
  }
>
  <styled.div>
    <img
      alt="gambar kategori"
      src="http://a.jpg"
    />
    <p>
      Midi Dress
    </p>
  </styled.div>
</Link>
`;
