// Jest Snapshot v1, https://goo.gl/fbAQLP

exports[`renders <SmallProductItem /> 1`] = `
<Link
  style={
    Object {
      "width": "50%",
    }
  }
  to={
    Object {
      "pathname": "/product/asd",
      "state": Object {
        "title": "This is a rather long product name",
      },
    }
  }
>
  <styled.div>
    <img
      alt="gambar produk"
      src="https://image.jpg"
    />
    <styled.div>
      <styled.div>
        <p>
          This is a rather long product name
        </p>
        <p>
          120,000
        </p>
      </styled.div>
      <Icon
        as="i"
        color="grey"
        name="heart outline"
        size="large"
      />
    </styled.div>
  </styled.div>
</Link>
`;
